# Eagle for English

__META_SOURCE_URL__=https://talp-upc.gitbooks.io/freeling-user-manual/content/tagsets.html 
__META_TYPE_BASE__=de.tudarmstadt.ukp.dkpro.core.api.lexmorph.type.pos.

#Number (2 digits)
Zd=POS_NUM
Zm=POS_NUM
Zp=POS_NUM
Zu=POS_NUM
#
#Date (1 digit)
W=POS_X
#
#Interjection (1 digit)
I=POS_INTJ
#
#Adjective (fixed)
JJ=POS_ADJ
JJR=POS_ADJ
JJS=POS_ADJ
#
#Adposition (fixed)
POS=POS_PART
IN=POS_ADP
#
#Adverb (fixed)
RB=POS_ADV
RBR=POS_ADV
RBS=POS_ADV
WRB=POS_ADV
#
#Conjunction (fixed)
CC=POS_CONJ
#
#Determiner (fixed)
DT=POS_DET
WDT=POS_DET
PDT=POS_DET
#
#Interjection (fixed)
UH=POS_INTJ
#
#Noun (fixed)
NNS=POS_NOUN
NN=POS_NOUN
NNP=POS_PROPN
NP*=POS_PROPN
NP=POS_PROPN
NNPS=POS_PROPN
#
#Particle (fixed)
RP=POS_PART
TO=POS_ADP
#
#Pronoun (fixed)
EX=POS_PRON
WP=POS_PRON
PRP=POS_PRON
PRP$=POS_PRON
WP$=POS_PRON
#
#Punctuation (1 string per type)
Fd=POS_PUNCT
Fc=POS_PUNCT
Flt=POS_PUNCT
Fla=POS_PUNCT
Fs=POS_PUNCT
Fat=POS_PUNCT
Faa=POS_PUNCT
Fg=POS_PUNCT
Fz=POS_PUNCT
Fpt=POS_PUNCT
Fpa=POS_PUNCT
Ft=POS_PUNCT
Fp=POS_PUNCT
Fit=POS_PUNCT
Fia=POS_PUNCT
Fe=POS_PUNCT
Frc=POS_PUNCT
Fra=POS_PUNCT
Fx=POS_PUNCT
Fh=POS_PUNCT
Fct=POS_PUNCT
Fca=POS_PUNCT
#
#Verb (fixed)
MD=POS_VERB
VBG=POS_VERB
VB=POS_VERB
VBN=POS_VERB
VBD=POS_VERB
VBP=POS_VERB
VBZ=POS_VERB


*=POS_X